saman@Samantha MINGW64 ~
$ git version
git version 2.49.0.windows.1

saman@Samantha MINGW64 ~
$ git config --global --list
user.name=SamanthaKonakandla
user.email=saman.konakandla@example.com
core.editor=notepad++.exe -multiInst -nosession

saman@Samantha MINGW64 ~
$ git init GitDemo
Initialized empty Git repository in C:/Users/saman/GitDemo/.git/

saman@Samantha MINGW64 ~
$ cd GitDemo

saman@Samantha MINGW64 ~/GitDemo (master)
$ echo "Welcome to the version control" >> welcome.txt

saman@Samantha MINGW64 ~/GitDemo (master)
$ ls -al
total 29
drwxr-xr-x 1 saman 197121  0 Aug 07 03:51 ./
drwxr-xr-x 1 saman 197121  0 Aug 07 03:51 ../
drwxr-xr-x 1 saman 197121  0 Aug 07 03:51 .git/
-rw-r--r-- 1 saman 197121 31 Aug 07 03:51 welcome.txt

saman@Samantha MINGW64 ~/GitDemo (master)
$ cat welcome.txt
Welcome to the version control

saman@Samantha MINGW64 ~/GitDemo (master)
$ git status
On branch master

No commits yet

Untracked files:
  (use "git add <file>..." to include in what will be committed)
        welcome.txt

nothing added to commit but untracked files present (use "git add" to track)

saman@Samantha MINGW64 ~/GitDemo (master)
$ git add welcome.txt
warning: in the working copy of 'welcome.txt', LF will be replaced by CRLF the next time Git touches it

saman@Samantha MINGW64 ~/GitDemo (master)
$ git commit
[master (root-commit) 1a2b3c4] welcome.txt added..
 1 file changed, 1 insertion(+)
 create mode 100644 welcome.txt

saman@Samantha MINGW64 ~/GitDemo (master)
$ git status
On branch master
nothing to commit, working tree clean

saman@Samantha MINGW64 ~/GitDemo (master)
$ git remote set-url origin https://gitlab.com/YOUR-USERNAME/GitDemo.git

saman@Samantha MINGW64 ~/GitDemo (master)
$ git remote -v
origin  https://gitlab.com/YOUR-USERNAME/GitDemo.git (fetch)
origin  https://gitlab.com/YOUR-USERNAME/GitDemo.git (push)

saman@Samantha MINGW64 ~/GitDemo (main)
$ git branch -m "main"

saman@Samantha MINGW64 ~/GitDemo (main)
$ git pull origin main --allow-unrelated-histories
From https://gitlab.com/YOUR-USERNAME/GitDemo
 * branch            main       -> FETCH_HEAD
Merge made by the 'ort' strategy.
 README.md | 93 +++++++++++++++++++++++++++++++++++++++++++++++++++++++++++++++
 1 file changed, 93 insertions(+)
 create mode 100644 README.md

saman@Samantha MINGW64 ~/GitDemo (main)
$ git push origin main
Enumerating objects: 6, done.
Counting objects: 100% (6/6), done.
Delta compression using up to 12 threads
Compressing objects: 100% (3/3), done.
Writing objects: 100% (5/5), 574 bytes | 287.00 KiB/s, done.
Total 5 (delta 0), reused 0 (delta 0), pack-reused 0 (from 0)
To https://gitlab.com/YOUR-USERNAME/GitDemo.git
   b939377..fcfb9ed  main -> main
